------------------------------------------------------------
Timing Analyzer Summary
------------------------------------------------------------

Type  : Slow 1100mV 125C Model Setup 'i_clk'
Slack : -5.601
TNS   : -127.354

Type  : Slow 1100mV 125C Model Setup 'clk_div:baud_clk|clk_out'
Slack : -3.900
TNS   : -32.139

Type  : Slow 1100mV 125C Model Hold 'clk_div:baud_clk|clk_out'
Slack : 0.366
TNS   : 0.000

Type  : Slow 1100mV 125C Model Hold 'i_clk'
Slack : 0.431
TNS   : 0.000

Type  : Slow 1100mV 125C Model Minimum Pulse Width 'i_clk'
Slack : -0.712
TNS   : -34.975

Type  : Slow 1100mV 125C Model Minimum Pulse Width 'clk_div:baud_clk|clk_out'
Slack : -0.538
TNS   : -10.117

Type  : Slow 1100mV -40C Model Setup 'i_clk'
Slack : -5.687
TNS   : -124.329

Type  : Slow 1100mV -40C Model Setup 'clk_div:baud_clk|clk_out'
Slack : -4.283
TNS   : -34.319

Type  : Slow 1100mV -40C Model Hold 'clk_div:baud_clk|clk_out'
Slack : 0.443
TNS   : 0.000

Type  : Slow 1100mV -40C Model Hold 'i_clk'
Slack : 0.461
TNS   : 0.000

Type  : Slow 1100mV -40C Model Minimum Pulse Width 'i_clk'
Slack : -0.615
TNS   : -37.446

Type  : Slow 1100mV -40C Model Minimum Pulse Width 'clk_div:baud_clk|clk_out'
Slack : -0.538
TNS   : -9.742

Type  : Fast 1100mV 125C Model Setup 'i_clk'
Slack : -3.673
TNS   : -48.481

Type  : Fast 1100mV 125C Model Setup 'clk_div:baud_clk|clk_out'
Slack : -1.583
TNS   : -12.075

Type  : Fast 1100mV 125C Model Hold 'clk_div:baud_clk|clk_out'
Slack : 0.088
TNS   : 0.000

Type  : Fast 1100mV 125C Model Hold 'i_clk'
Slack : 0.190
TNS   : 0.000

Type  : Fast 1100mV 125C Model Minimum Pulse Width 'i_clk'
Slack : -0.594
TNS   : -4.210

Type  : Fast 1100mV 125C Model Minimum Pulse Width 'clk_div:baud_clk|clk_out'
Slack : 0.028
TNS   : 0.000

Type  : Fast 1100mV -40C Model Setup 'i_clk'
Slack : -2.700
TNS   : -37.632

Type  : Fast 1100mV -40C Model Setup 'clk_div:baud_clk|clk_out'
Slack : -1.558
TNS   : -11.053

Type  : Fast 1100mV -40C Model Hold 'clk_div:baud_clk|clk_out'
Slack : 0.096
TNS   : 0.000

Type  : Fast 1100mV -40C Model Hold 'i_clk'
Slack : 0.175
TNS   : 0.000

Type  : Fast 1100mV -40C Model Minimum Pulse Width 'i_clk'
Slack : -0.493
TNS   : -4.341

Type  : Fast 1100mV -40C Model Minimum Pulse Width 'clk_div:baud_clk|clk_out'
Slack : 0.070
TNS   : 0.000

------------------------------------------------------------
