------------------------------------------------------------
Timing Analyzer Summary
------------------------------------------------------------

Type  : Slow 1100mV 85C Model Setup 'fclk|fclk_inst|altera_pll_i|general[0].gpll~PLL_OUTPUT_COUNTER|divclk'
Slack : -5.863
TNS   : -5.863

Type  : Slow 1100mV 85C Model Setup 'clk_div:divider|count[27]'
Slack : -1.099
TNS   : -5.304

Type  : Slow 1100mV 85C Model Hold 'fclk|fclk_inst|altera_pll_i|general[0].gpll~PLL_OUTPUT_COUNTER|divclk'
Slack : 0.211
TNS   : 0.000

Type  : Slow 1100mV 85C Model Hold 'clk_div:divider|count[27]'
Slack : 0.637
TNS   : 0.000

Type  : Slow 1100mV 85C Model Minimum Pulse Width 'clk_div:divider|count[27]'
Slack : -0.394
TNS   : -3.058

Type  : Slow 1100mV 85C Model Minimum Pulse Width 'fclk|fclk_inst|altera_pll_i|general[0].gpll~PLL_OUTPUT_COUNTER|divclk'
Slack : 0.556
TNS   : 0.000

Type  : Slow 1100mV 85C Model Minimum Pulse Width 'fclk|fclk_inst|altera_pll_i|general[0].gpll~FRACTIONAL_PLL|vcoph[0]'
Slack : 1.250
TNS   : 0.000

Type  : Slow 1100mV 85C Model Minimum Pulse Width 'i_clk'
Slack : 9.900
TNS   : 0.000

Type  : Slow 1100mV 0C Model Setup 'fclk|fclk_inst|altera_pll_i|general[0].gpll~PLL_OUTPUT_COUNTER|divclk'
Slack : -5.272
TNS   : -5.272

Type  : Slow 1100mV 0C Model Setup 'clk_div:divider|count[27]'
Slack : -1.105
TNS   : -5.264

Type  : Slow 1100mV 0C Model Hold 'fclk|fclk_inst|altera_pll_i|general[0].gpll~PLL_OUTPUT_COUNTER|divclk'
Slack : -0.257
TNS   : -0.257

Type  : Slow 1100mV 0C Model Hold 'clk_div:divider|count[27]'
Slack : 0.579
TNS   : 0.000

Type  : Slow 1100mV 0C Model Minimum Pulse Width 'clk_div:divider|count[27]'
Slack : -0.394
TNS   : -3.072

Type  : Slow 1100mV 0C Model Minimum Pulse Width 'fclk|fclk_inst|altera_pll_i|general[0].gpll~PLL_OUTPUT_COUNTER|divclk'
Slack : 0.511
TNS   : 0.000

Type  : Slow 1100mV 0C Model Minimum Pulse Width 'fclk|fclk_inst|altera_pll_i|general[0].gpll~FRACTIONAL_PLL|vcoph[0]'
Slack : 1.250
TNS   : 0.000

Type  : Slow 1100mV 0C Model Minimum Pulse Width 'i_clk'
Slack : 9.926
TNS   : 0.000

Type  : Fast 1100mV 85C Model Setup 'fclk|fclk_inst|altera_pll_i|general[0].gpll~PLL_OUTPUT_COUNTER|divclk'
Slack : -4.954
TNS   : -4.954

Type  : Fast 1100mV 85C Model Setup 'clk_div:divider|count[27]'
Slack : -0.319
TNS   : -1.275

Type  : Fast 1100mV 85C Model Hold 'fclk|fclk_inst|altera_pll_i|general[0].gpll~PLL_OUTPUT_COUNTER|divclk'
Slack : 0.185
TNS   : 0.000

Type  : Fast 1100mV 85C Model Hold 'clk_div:divider|count[27]'
Slack : 0.314
TNS   : 0.000

Type  : Fast 1100mV 85C Model Minimum Pulse Width 'clk_div:divider|count[27]'
Slack : 0.143
TNS   : 0.000

Type  : Fast 1100mV 85C Model Minimum Pulse Width 'fclk|fclk_inst|altera_pll_i|general[0].gpll~PLL_OUTPUT_COUNTER|divclk'
Slack : 0.806
TNS   : 0.000

Type  : Fast 1100mV 85C Model Minimum Pulse Width 'fclk|fclk_inst|altera_pll_i|general[0].gpll~FRACTIONAL_PLL|vcoph[0]'
Slack : 1.250
TNS   : 0.000

Type  : Fast 1100mV 85C Model Minimum Pulse Width 'i_clk'
Slack : 9.643
TNS   : 0.000

Type  : Fast 1100mV 0C Model Setup 'fclk|fclk_inst|altera_pll_i|general[0].gpll~PLL_OUTPUT_COUNTER|divclk'
Slack : -3.862
TNS   : -3.862

Type  : Fast 1100mV 0C Model Setup 'clk_div:divider|count[27]'
Slack : -0.256
TNS   : -0.913

Type  : Fast 1100mV 0C Model Hold 'fclk|fclk_inst|altera_pll_i|general[0].gpll~PLL_OUTPUT_COUNTER|divclk'
Slack : 0.178
TNS   : 0.000

Type  : Fast 1100mV 0C Model Hold 'clk_div:divider|count[27]'
Slack : 0.265
TNS   : 0.000

Type  : Fast 1100mV 0C Model Minimum Pulse Width 'clk_div:divider|count[27]'
Slack : 0.145
TNS   : 0.000

Type  : Fast 1100mV 0C Model Minimum Pulse Width 'fclk|fclk_inst|altera_pll_i|general[0].gpll~PLL_OUTPUT_COUNTER|divclk'
Slack : 0.794
TNS   : 0.000

Type  : Fast 1100mV 0C Model Minimum Pulse Width 'fclk|fclk_inst|altera_pll_i|general[0].gpll~FRACTIONAL_PLL|vcoph[0]'
Slack : 1.250
TNS   : 0.000

Type  : Fast 1100mV 0C Model Minimum Pulse Width 'i_clk'
Slack : 9.632
TNS   : 0.000

------------------------------------------------------------
