------------------------------------------------------------
Timing Analyzer Summary
------------------------------------------------------------

Type  : Slow 1100mV 125C Model Setup 'clk_div:baud_clk|clk_out'
Slack : -7.278
TNS   : -177.540

Type  : Slow 1100mV 125C Model Setup 'i_clk'
Slack : -4.686
TNS   : -4.686

Type  : Slow 1100mV 125C Model Setup 'fclk|fclk_inst|altera_pll_i|general[0].gpll~PLL_OUTPUT_COUNTER|divclk'
Slack : -0.747
TNS   : -30.534

Type  : Slow 1100mV 125C Model Hold 'fclk|fclk_inst|altera_pll_i|general[0].gpll~PLL_OUTPUT_COUNTER|divclk'
Slack : 0.372
TNS   : 0.000

Type  : Slow 1100mV 125C Model Hold 'i_clk'
Slack : 0.434
TNS   : 0.000

Type  : Slow 1100mV 125C Model Hold 'clk_div:baud_clk|clk_out'
Slack : 0.523
TNS   : 0.000

Type  : Slow 1100mV 125C Model Minimum Pulse Width 'clk_div:baud_clk|clk_out'
Slack : -0.538
TNS   : -43.348

Type  : Slow 1100mV 125C Model Minimum Pulse Width 'fclk|fclk_inst|altera_pll_i|general[0].gpll~PLL_OUTPUT_COUNTER|divclk'
Slack : 0.268
TNS   : 0.000

Type  : Slow 1100mV 125C Model Minimum Pulse Width 'fclk|fclk_inst|altera_pll_i|general[0].gpll~FRACTIONAL_PLL|vcoph[0]'
Slack : 1.000
TNS   : 0.000

Type  : Slow 1100mV 125C Model Minimum Pulse Width 'i_clk'
Slack : 8.819
TNS   : 0.000

Type  : Slow 1100mV -40C Model Setup 'clk_div:baud_clk|clk_out'
Slack : -7.434
TNS   : -181.439

Type  : Slow 1100mV -40C Model Setup 'i_clk'
Slack : -4.252
TNS   : -4.252

Type  : Slow 1100mV -40C Model Setup 'fclk|fclk_inst|altera_pll_i|general[0].gpll~PLL_OUTPUT_COUNTER|divclk'
Slack : -0.924
TNS   : -34.501

Type  : Slow 1100mV -40C Model Hold 'fclk|fclk_inst|altera_pll_i|general[0].gpll~PLL_OUTPUT_COUNTER|divclk'
Slack : 0.358
TNS   : 0.000

Type  : Slow 1100mV -40C Model Hold 'i_clk'
Slack : 0.462
TNS   : 0.000

Type  : Slow 1100mV -40C Model Hold 'clk_div:baud_clk|clk_out'
Slack : 0.486
TNS   : 0.000

Type  : Slow 1100mV -40C Model Minimum Pulse Width 'clk_div:baud_clk|clk_out'
Slack : -0.538
TNS   : -42.138

Type  : Slow 1100mV -40C Model Minimum Pulse Width 'fclk|fclk_inst|altera_pll_i|general[0].gpll~PLL_OUTPUT_COUNTER|divclk'
Slack : 0.201
TNS   : 0.000

Type  : Slow 1100mV -40C Model Minimum Pulse Width 'fclk|fclk_inst|altera_pll_i|general[0].gpll~FRACTIONAL_PLL|vcoph[0]'
Slack : 1.000
TNS   : 0.000

Type  : Slow 1100mV -40C Model Minimum Pulse Width 'i_clk'
Slack : 8.903
TNS   : 0.000

Type  : Fast 1100mV 125C Model Setup 'i_clk'
Slack : -3.714
TNS   : -3.714

Type  : Fast 1100mV 125C Model Setup 'clk_div:baud_clk|clk_out'
Slack : -3.223
TNS   : -74.933

Type  : Fast 1100mV 125C Model Setup 'fclk|fclk_inst|altera_pll_i|general[0].gpll~PLL_OUTPUT_COUNTER|divclk'
Slack : 0.550
TNS   : 0.000

Type  : Fast 1100mV 125C Model Hold 'fclk|fclk_inst|altera_pll_i|general[0].gpll~PLL_OUTPUT_COUNTER|divclk'
Slack : 0.184
TNS   : 0.000

Type  : Fast 1100mV 125C Model Hold 'i_clk'
Slack : 0.185
TNS   : 0.000

Type  : Fast 1100mV 125C Model Hold 'clk_div:baud_clk|clk_out'
Slack : 0.229
TNS   : 0.000

Type  : Fast 1100mV 125C Model Minimum Pulse Width 'clk_div:baud_clk|clk_out'
Slack : -0.148
TNS   : -3.790

Type  : Fast 1100mV 125C Model Minimum Pulse Width 'fclk|fclk_inst|altera_pll_i|general[0].gpll~PLL_OUTPUT_COUNTER|divclk'
Slack : 0.556
TNS   : 0.000

Type  : Fast 1100mV 125C Model Minimum Pulse Width 'fclk|fclk_inst|altera_pll_i|general[0].gpll~FRACTIONAL_PLL|vcoph[0]'
Slack : 1.000
TNS   : 0.000

Type  : Fast 1100mV 125C Model Minimum Pulse Width 'i_clk'
Slack : 8.946
TNS   : 0.000

Type  : Fast 1100mV -40C Model Setup 'clk_div:baud_clk|clk_out'
Slack : -3.094
TNS   : -66.598

Type  : Fast 1100mV -40C Model Setup 'i_clk'
Slack : -2.678
TNS   : -2.678

Type  : Fast 1100mV -40C Model Setup 'fclk|fclk_inst|altera_pll_i|general[0].gpll~PLL_OUTPUT_COUNTER|divclk'
Slack : 0.765
TNS   : 0.000

Type  : Fast 1100mV -40C Model Hold 'fclk|fclk_inst|altera_pll_i|general[0].gpll~PLL_OUTPUT_COUNTER|divclk'
Slack : 0.168
TNS   : 0.000

Type  : Fast 1100mV -40C Model Hold 'i_clk'
Slack : 0.170
TNS   : 0.000

Type  : Fast 1100mV -40C Model Hold 'clk_div:baud_clk|clk_out'
Slack : 0.176
TNS   : 0.000

Type  : Fast 1100mV -40C Model Minimum Pulse Width 'clk_div:baud_clk|clk_out'
Slack : -0.024
TNS   : -0.292

Type  : Fast 1100mV -40C Model Minimum Pulse Width 'fclk|fclk_inst|altera_pll_i|general[0].gpll~PLL_OUTPUT_COUNTER|divclk'
Slack : 0.549
TNS   : 0.000

Type  : Fast 1100mV -40C Model Minimum Pulse Width 'fclk|fclk_inst|altera_pll_i|general[0].gpll~FRACTIONAL_PLL|vcoph[0]'
Slack : 1.000
TNS   : 0.000

Type  : Fast 1100mV -40C Model Minimum Pulse Width 'i_clk'
Slack : 9.028
TNS   : 0.000

------------------------------------------------------------
