------------------------------------------------------------
Timing Analyzer Summary
------------------------------------------------------------

Type  : Slow 1100mV 125C Model Setup 'i_clk'
Slack : -0.846
TNS   : -0.846

Type  : Slow 1100mV 125C Model Hold 'i_clk'
Slack : 0.053
TNS   : 0.000

Type  : Slow 1100mV 125C Model Minimum Pulse Width 'i_clk'
Slack : -0.538
TNS   : -0.955

Type  : Slow 1100mV -40C Model Setup 'i_clk'
Slack : -0.792
TNS   : -0.792

Type  : Slow 1100mV -40C Model Hold 'i_clk'
Slack : 0.018
TNS   : 0.000

Type  : Slow 1100mV -40C Model Minimum Pulse Width 'i_clk'
Slack : -0.538
TNS   : -0.912

Type  : Fast 1100mV 125C Model Setup 'i_clk'
Slack : -0.097
TNS   : -0.097

Type  : Fast 1100mV 125C Model Hold 'i_clk'
Slack : 0.018
TNS   : 0.000

Type  : Fast 1100mV 125C Model Minimum Pulse Width 'i_clk'
Slack : -0.347
TNS   : -0.347

Type  : Fast 1100mV -40C Model Setup 'i_clk'
Slack : -0.024
TNS   : -0.024

Type  : Fast 1100mV -40C Model Hold 'i_clk'
Slack : -0.021
TNS   : -0.021

Type  : Fast 1100mV -40C Model Minimum Pulse Width 'i_clk'
Slack : -0.332
TNS   : -0.332

------------------------------------------------------------
